Archive member included to satisfy reference by file (symbol)

c:/intelfpga_lite/22.1std/nios2eds/bin/gnu/h-x86_64-mingw32/bin/../lib/gcc/nios2-elf/12.2.1/mno-hw-mul\libgcc.a(lib2-divmod.o)
                              obj/default/hello_world_small.o (__divsi3)
c:/intelFPGA_lite/Proyectos/tutorial/Cronometro_SO/software/cronometro_bsp/\libhal_bsp.a(alt_iic.o)
                              obj/default/hello_world_small.o (alt_ic_isr_register)
c:/intelFPGA_lite/Proyectos/tutorial/Cronometro_SO/software/cronometro_bsp/\libhal_bsp.a(alt_iic_isr_register.o)
                              c:/intelFPGA_lite/Proyectos/tutorial/Cronometro_SO/software/cronometro_bsp/\libhal_bsp.a(alt_iic.o) (alt_iic_isr_register)
c:/intelFPGA_lite/Proyectos/tutorial/Cronometro_SO/software/cronometro_bsp/\libhal_bsp.a(alt_irq_entry.o)
                              c:/intelFPGA_lite/Proyectos/tutorial/Cronometro_SO/software/cronometro_bsp/\libhal_bsp.a(alt_iic_isr_register.o) (alt_irq_entry)
c:/intelFPGA_lite/Proyectos/tutorial/Cronometro_SO/software/cronometro_bsp/\libhal_bsp.a(alt_irq_handler.o)
                              c:/intelFPGA_lite/Proyectos/tutorial/Cronometro_SO/software/cronometro_bsp/\libhal_bsp.a(alt_iic_isr_register.o) (alt_irq_handler)
c:/intelFPGA_lite/Proyectos/tutorial/Cronometro_SO/software/cronometro_bsp/\libhal_bsp.a(alt_irq_vars.o)
                              c:/intelFPGA_lite/Proyectos/tutorial/Cronometro_SO/software/cronometro_bsp/\libhal_bsp.a(alt_iic.o) (alt_irq_active)
c:/intelFPGA_lite/Proyectos/tutorial/Cronometro_SO/software/cronometro_bsp/\libhal_bsp.a(alt_load.o)
                              c:/intelFPGA_lite/Proyectos/tutorial/Cronometro_SO/software/cronometro_bsp//obj/HAL/src/crt0.o (alt_load)
c:/intelFPGA_lite/Proyectos/tutorial/Cronometro_SO/software/cronometro_bsp/\libhal_bsp.a(alt_main.o)
                              c:/intelFPGA_lite/Proyectos/tutorial/Cronometro_SO/software/cronometro_bsp//obj/HAL/src/crt0.o (alt_main)
c:/intelFPGA_lite/Proyectos/tutorial/Cronometro_SO/software/cronometro_bsp/\libhal_bsp.a(alt_sys_init.o)
                              c:/intelFPGA_lite/Proyectos/tutorial/Cronometro_SO/software/cronometro_bsp/\libhal_bsp.a(alt_main.o) (alt_irq_init)
c:/intelFPGA_lite/Proyectos/tutorial/Cronometro_SO/software/cronometro_bsp/\libhal_bsp.a(alt_dcache_flush_all.o)
                              c:/intelFPGA_lite/Proyectos/tutorial/Cronometro_SO/software/cronometro_bsp/\libhal_bsp.a(alt_load.o) (alt_dcache_flush_all)
c:/intelFPGA_lite/Proyectos/tutorial/Cronometro_SO/software/cronometro_bsp/\libhal_bsp.a(alt_exception_entry.o)
                              c:/intelFPGA_lite/Proyectos/tutorial/Cronometro_SO/software/cronometro_bsp/\libhal_bsp.a(alt_irq_entry.o) (alt_exception)
c:/intelFPGA_lite/Proyectos/tutorial/Cronometro_SO/software/cronometro_bsp/\libhal_bsp.a(alt_icache_flush_all.o)
                              c:/intelFPGA_lite/Proyectos/tutorial/Cronometro_SO/software/cronometro_bsp/\libhal_bsp.a(alt_load.o) (alt_icache_flush_all)
c:/intelFPGA_lite/Proyectos/tutorial/Cronometro_SO/software/cronometro_bsp/\libhal_bsp.a(alt_instruction_exception_entry.o)
                              c:/intelFPGA_lite/Proyectos/tutorial/Cronometro_SO/software/cronometro_bsp/\libhal_bsp.a(alt_exception_entry.o) (alt_instruction_exception_entry)
c:/intelFPGA_lite/Proyectos/tutorial/Cronometro_SO/software/cronometro_bsp/\libhal_bsp.a(altera_nios2_gen2_irq.o)
                              c:/intelFPGA_lite/Proyectos/tutorial/Cronometro_SO/software/cronometro_bsp/\libhal_bsp.a(alt_sys_init.o) (altera_nios2_gen2_irq_init)
c:/intelfpga_lite/22.1std/nios2eds/bin/gnu/h-x86_64-mingw32/bin/../lib/gcc/nios2-elf/12.2.1/../../../../../H-x86_64-mingw32/nios2-elf/lib/mno-hw-mul\libsmallc.a(lib_a-memcpy.o)
                              c:/intelFPGA_lite/Proyectos/tutorial/Cronometro_SO/software/cronometro_bsp/\libhal_bsp.a(alt_load.o) (memcpy)

Memory Configuration

Name             Origin             Length             Attributes
reset            0x0000000000000000 0x0000000000000020
rom_0            0x0000000000000020 0x0000000000000fe0
ram_0            0x0000000000010000 0x0000000000004000
*default*        0x0000000000000000 0xffffffffffffffff

Linker script and memory map

LOAD c:/intelFPGA_lite/Proyectos/tutorial/Cronometro_SO/software/cronometro_bsp//obj/HAL/src/crt0.o
LOAD obj/default/hello_world_small.o
LOAD c:/intelfpga_lite/22.1std/nios2eds/bin/gnu/h-x86_64-mingw32/bin/../lib/gcc/nios2-elf/12.2.1/../../../../../H-x86_64-mingw32/nios2-elf/lib/mno-hw-mul\libstdc++.a
LOAD c:/intelfpga_lite/22.1std/nios2eds/bin/gnu/h-x86_64-mingw32/bin/../lib/gcc/nios2-elf/12.2.1/../../../../../H-x86_64-mingw32/nios2-elf/lib/mno-hw-mul\libm.a
LOAD c:/intelfpga_lite/22.1std/nios2eds/bin/gnu/h-x86_64-mingw32/bin/../lib/gcc/nios2-elf/12.2.1/mno-hw-mul\libgcc.a
START GROUP
LOAD c:/intelfpga_lite/22.1std/nios2eds/bin/gnu/h-x86_64-mingw32/bin/../lib/gcc/nios2-elf/12.2.1/../../../../../H-x86_64-mingw32/nios2-elf/lib/mno-hw-mul\libsmallc.a
LOAD c:/intelfpga_lite/22.1std/nios2eds/bin/gnu/h-x86_64-mingw32/bin/../lib/gcc/nios2-elf/12.2.1/mno-hw-mul\libgcc.a
LOAD c:/intelFPGA_lite/Proyectos/tutorial/Cronometro_SO/software/cronometro_bsp/\libhal_bsp.a
LOAD c:/intelfpga_lite/22.1std/nios2eds/bin/gnu/h-x86_64-mingw32/bin/../lib/gcc/nios2-elf/12.2.1/../../../../../H-x86_64-mingw32/nios2-elf/lib/mno-hw-mul\libm.a
END GROUP
LOAD c:/intelfpga_lite/22.1std/nios2eds/bin/gnu/h-x86_64-mingw32/bin/../lib/gcc/nios2-elf/12.2.1/mno-hw-mul\libgcc.a
                0x0000000000000000                __alt_mem_rom_0 = 0x0
                0x0000000000010000                __alt_mem_ram_0 = 0x10000

.entry          0x0000000000000000       0x20
 *(.entry)
 .entry         0x0000000000000000       0x20 c:/intelFPGA_lite/Proyectos/tutorial/Cronometro_SO/software/cronometro_bsp//obj/HAL/src/crt0.o
                0x0000000000000000                __reset
                0x000000000000000c                _exit

.exceptions     0x0000000000000020      0x160
                0x0000000000000020                PROVIDE (__ram_exceptions_start = ABSOLUTE (.))
                0x0000000000000020                . = ALIGN (0x20)
 *(.irq)
 *(.exceptions.entry.label)
 .exceptions.entry.label
                0x0000000000000020        0x0 c:/intelFPGA_lite/Proyectos/tutorial/Cronometro_SO/software/cronometro_bsp/\libhal_bsp.a(alt_irq_entry.o)
                0x0000000000000020                alt_irq_entry
 .exceptions.entry.label
                0x0000000000000020        0x0 c:/intelFPGA_lite/Proyectos/tutorial/Cronometro_SO/software/cronometro_bsp/\libhal_bsp.a(alt_exception_entry.o)
                0x0000000000000020                alt_exception
 *(.exceptions.entry.user)
 *(.exceptions.entry.ecc_fatal)
 *(.exceptions.entry)
 .exceptions.entry
                0x0000000000000020       0x54 c:/intelFPGA_lite/Proyectos/tutorial/Cronometro_SO/software/cronometro_bsp/\libhal_bsp.a(alt_exception_entry.o)
 *(.exceptions.irqtest.user)
 *(.exceptions.irqtest)
 .exceptions.irqtest
                0x0000000000000074       0x10 c:/intelFPGA_lite/Proyectos/tutorial/Cronometro_SO/software/cronometro_bsp/\libhal_bsp.a(alt_irq_entry.o)
 *(.exceptions.irqhandler.user)
 *(.exceptions.irqhandler)
 .exceptions.irqhandler
                0x0000000000000084        0x4 c:/intelFPGA_lite/Proyectos/tutorial/Cronometro_SO/software/cronometro_bsp/\libhal_bsp.a(alt_irq_entry.o)
 *(.exceptions.irqreturn.user)
 *(.exceptions.irqreturn)
 .exceptions.irqreturn
                0x0000000000000088        0x4 c:/intelFPGA_lite/Proyectos/tutorial/Cronometro_SO/software/cronometro_bsp/\libhal_bsp.a(alt_irq_entry.o)
 *(.exceptions.notirq.label)
 .exceptions.notirq.label
                0x000000000000008c        0x0 c:/intelFPGA_lite/Proyectos/tutorial/Cronometro_SO/software/cronometro_bsp/\libhal_bsp.a(alt_irq_entry.o)
 *(.exceptions.notirq.user)
 *(.exceptions.notirq)
 .exceptions.notirq
                0x000000000000008c        0x8 c:/intelFPGA_lite/Proyectos/tutorial/Cronometro_SO/software/cronometro_bsp/\libhal_bsp.a(alt_exception_entry.o)
 *(.exceptions.soft.user)
 *(.exceptions.soft)
 *(.exceptions.unknown.user)
 *(.exceptions.unknown)
 .exceptions.unknown
                0x0000000000000094       0x14 c:/intelFPGA_lite/Proyectos/tutorial/Cronometro_SO/software/cronometro_bsp/\libhal_bsp.a(alt_exception_entry.o)
 *(.exceptions.exit.label)
 .exceptions.exit.label
                0x00000000000000a8        0x0 c:/intelFPGA_lite/Proyectos/tutorial/Cronometro_SO/software/cronometro_bsp/\libhal_bsp.a(alt_irq_entry.o)
 .exceptions.exit.label
                0x00000000000000a8        0x0 c:/intelFPGA_lite/Proyectos/tutorial/Cronometro_SO/software/cronometro_bsp/\libhal_bsp.a(alt_exception_entry.o)
 *(.exceptions.exit.user)
 *(.exceptions.exit)
 .exceptions.exit
                0x00000000000000a8       0x54 c:/intelFPGA_lite/Proyectos/tutorial/Cronometro_SO/software/cronometro_bsp/\libhal_bsp.a(alt_exception_entry.o)
 *(.exceptions)
 .exceptions    0x00000000000000fc       0x60 c:/intelFPGA_lite/Proyectos/tutorial/Cronometro_SO/software/cronometro_bsp/\libhal_bsp.a(alt_irq_handler.o)
                0x00000000000000fc                alt_irq_handler
 .exceptions    0x000000000000015c       0x24 c:/intelFPGA_lite/Proyectos/tutorial/Cronometro_SO/software/cronometro_bsp/\libhal_bsp.a(alt_instruction_exception_entry.o)
                0x000000000000015c                alt_instruction_exception_entry
                0x0000000000000180                PROVIDE (__ram_exceptions_end = ABSOLUTE (.))
                0x0000000000000020                PROVIDE (__flash_exceptions_start = LOADADDR (.exceptions))

.text           0x0000000000000180      0x7bc
                [!provide]                        PROVIDE (stext = ABSOLUTE (.))
 *(.interp)
 *(.hash)
 *(.dynsym)
 *(.dynstr)
 *(.gnu.version)
 *(.gnu.version_d)
 *(.gnu.version_r)
 *(.rel.init)
 *(.rela.init)
 *(.rel.text .rel.text.* .rel.gnu.linkonce.t.*)
 *(.rela.text .rela.text.* .rela.gnu.linkonce.t.*)
 *(.rel.fini)
 *(.rela.fini)
 *(.rel.rodata .rel.rodata.* .rel.gnu.linkonce.r.*)
 *(.rela.rodata .rela.rodata.* .rela.gnu.linkonce.r.*)
 *(.rel.data .rel.data.* .rel.gnu.linkonce.d.*)
 *(.rela.data .rela.data.* .rela.gnu.linkonce.d.*)
 *(.rel.tdata .rel.tdata.* .rel.gnu.linkonce.td.*)
 *(.rela.tdata .rela.tdata.* .rela.gnu.linkonce.td.*)
 *(.rel.tbss .rel.tbss.* .rel.gnu.linkonce.tb.*)
 *(.rela.tbss .rela.tbss.* .rela.gnu.linkonce.tb.*)
 *(.rel.ctors)
 *(.rela.ctors)
 *(.rel.dtors)
 *(.rela.dtors)
 *(.rel.got)
 *(.rela.got)
 *(.rel.sdata .rel.sdata.* .rel.gnu.linkonce.s.*)
 *(.rela.sdata .rela.sdata.* .rela.gnu.linkonce.s.*)
 *(.rel.sbss .rel.sbss.* .rel.gnu.linkonce.sb.*)
 *(.rela.sbss .rela.sbss.* .rela.gnu.linkonce.sb.*)
 *(.rel.sdata2 .rel.sdata2.* .rel.gnu.linkonce.s2.*)
 *(.rela.sdata2 .rela.sdata2.* .rela.gnu.linkonce.s2.*)
 *(.rel.sbss2 .rel.sbss2.* .rel.gnu.linkonce.sb2.*)
 *(.rela.sbss2 .rela.sbss2.* .rela.gnu.linkonce.sb2.*)
 *(.rel.bss .rel.bss.* .rel.gnu.linkonce.b.*)
 *(.rela.bss .rela.bss.* .rela.gnu.linkonce.b.*)
 *(.rel.plt)
 *(.rela.plt)
 *(.rel.dyn)
 *(.init)
 *(.plt)
 *(.text .stub .text.* .gnu.linkonce.t.*)
 .text          0x0000000000000180       0x3c c:/intelFPGA_lite/Proyectos/tutorial/Cronometro_SO/software/cronometro_bsp//obj/HAL/src/crt0.o
                0x0000000000000180                _start
 .text          0x00000000000001bc      0x348 obj/default/hello_world_small.o
                0x00000000000001bc                io_button_isr
                0x00000000000004c4                io_button_setup
 .text.startup  0x0000000000000504       0x60 obj/default/hello_world_small.o
                0x0000000000000504                main
 .text          0x0000000000000564      0x1b4 c:/intelfpga_lite/22.1std/nios2eds/bin/gnu/h-x86_64-mingw32/bin/../lib/gcc/nios2-elf/12.2.1/mno-hw-mul\libgcc.a(lib2-divmod.o)
                0x0000000000000564                __divsi3
                0x00000000000005e4                __modsi3
                0x0000000000000658                __udivsi3
                0x00000000000006bc                __umodsi3
 .text          0x0000000000000718       0x8c c:/intelFPGA_lite/Proyectos/tutorial/Cronometro_SO/software/cronometro_bsp/\libhal_bsp.a(alt_iic.o)
                0x0000000000000718                alt_ic_isr_register
                0x000000000000071c                alt_ic_irq_enable
                0x0000000000000754                alt_ic_irq_disable
                0x000000000000078c                alt_ic_irq_enabled
 .text          0x00000000000007a4       0x68 c:/intelFPGA_lite/Proyectos/tutorial/Cronometro_SO/software/cronometro_bsp/\libhal_bsp.a(alt_iic_isr_register.o)
                0x00000000000007a4                alt_iic_isr_register
 .text          0x000000000000080c        0x0 c:/intelFPGA_lite/Proyectos/tutorial/Cronometro_SO/software/cronometro_bsp/\libhal_bsp.a(alt_irq_entry.o)
 .text          0x000000000000080c        0x0 c:/intelFPGA_lite/Proyectos/tutorial/Cronometro_SO/software/cronometro_bsp/\libhal_bsp.a(alt_irq_handler.o)
 .text          0x000000000000080c        0x0 c:/intelFPGA_lite/Proyectos/tutorial/Cronometro_SO/software/cronometro_bsp/\libhal_bsp.a(alt_irq_vars.o)
 .text          0x000000000000080c       0x84 c:/intelFPGA_lite/Proyectos/tutorial/Cronometro_SO/software/cronometro_bsp/\libhal_bsp.a(alt_load.o)
                0x000000000000080c                alt_load
 .text          0x0000000000000890       0x2c c:/intelFPGA_lite/Proyectos/tutorial/Cronometro_SO/software/cronometro_bsp/\libhal_bsp.a(alt_main.o)
                0x0000000000000890                alt_main
 .text          0x00000000000008bc       0x24 c:/intelFPGA_lite/Proyectos/tutorial/Cronometro_SO/software/cronometro_bsp/\libhal_bsp.a(alt_sys_init.o)
                0x00000000000008bc                alt_irq_init
                0x00000000000008dc                alt_sys_init
 .text          0x00000000000008e0        0x4 c:/intelFPGA_lite/Proyectos/tutorial/Cronometro_SO/software/cronometro_bsp/\libhal_bsp.a(alt_dcache_flush_all.o)
                0x00000000000008e0                alt_dcache_flush_all
 .text          0x00000000000008e4        0x0 c:/intelFPGA_lite/Proyectos/tutorial/Cronometro_SO/software/cronometro_bsp/\libhal_bsp.a(alt_exception_entry.o)
 .text          0x00000000000008e4        0x4 c:/intelFPGA_lite/Proyectos/tutorial/Cronometro_SO/software/cronometro_bsp/\libhal_bsp.a(alt_icache_flush_all.o)
                0x00000000000008e4                alt_icache_flush_all
 .text          0x00000000000008e8       0x24 c:/intelFPGA_lite/Proyectos/tutorial/Cronometro_SO/software/cronometro_bsp/\libhal_bsp.a(alt_instruction_exception_entry.o)
                0x00000000000008e8                alt_exception_cause_generated_bad_addr
 .text          0x000000000000090c        0x8 c:/intelFPGA_lite/Proyectos/tutorial/Cronometro_SO/software/cronometro_bsp/\libhal_bsp.a(altera_nios2_gen2_irq.o)
                0x000000000000090c                altera_nios2_gen2_irq_init
 .text          0x0000000000000914        0x0 c:/intelfpga_lite/22.1std/nios2eds/bin/gnu/h-x86_64-mingw32/bin/../lib/gcc/nios2-elf/12.2.1/../../../../../H-x86_64-mingw32/nios2-elf/lib/mno-hw-mul\libsmallc.a(lib_a-memcpy.o)
 .text.memcpy   0x0000000000000914       0x28 c:/intelfpga_lite/22.1std/nios2eds/bin/gnu/h-x86_64-mingw32/bin/../lib/gcc/nios2-elf/12.2.1/../../../../../H-x86_64-mingw32/nios2-elf/lib/mno-hw-mul\libsmallc.a(lib_a-memcpy.o)
                0x0000000000000914                memcpy
 *(.gnu.warning.*)
 *(.fini)
                [!provide]                        PROVIDE (__etext = ABSOLUTE (.))
                [!provide]                        PROVIDE (_etext = ABSOLUTE (.))
                [!provide]                        PROVIDE (etext = ABSOLUTE (.))
 *(.eh_frame_hdr)
                0x000000000000093c                . = ALIGN (0x4)
                [!provide]                        PROVIDE (__preinit_array_start = ABSOLUTE (.))
 *(.preinit_array)
                [!provide]                        PROVIDE (__preinit_array_end = ABSOLUTE (.))
                [!provide]                        PROVIDE (__init_array_start = ABSOLUTE (.))
 *(.init_array)
                [!provide]                        PROVIDE (__init_array_end = ABSOLUTE (.))
                [!provide]                        PROVIDE (__fini_array_start = ABSOLUTE (.))
 *(.fini_array)
                [!provide]                        PROVIDE (__fini_array_end = ABSOLUTE (.))
 *(.eh_frame)
 *(.gcc_except_table .gcc_except_table.*)
 *(.dynamic)
                [!provide]                        PROVIDE (__CTOR_LIST__ = ABSOLUTE (.))
 *(.ctors)
 *(SORT_BY_NAME(.ctors.*))
                [!provide]                        PROVIDE (__CTOR_END__ = ABSOLUTE (.))
                [!provide]                        PROVIDE (__DTOR_LIST__ = ABSOLUTE (.))
 *(.dtors)
 *(SORT_BY_NAME(.dtors.*))
                [!provide]                        PROVIDE (__DTOR_END__ = ABSOLUTE (.))
 *(.jcr)
                0x000000000000093c                . = ALIGN (0x4)

.rodata         0x0000000000010000        0x0 load address 0x000000000000093c
                0x0000000000010000                PROVIDE (__ram_rodata_start = ABSOLUTE (.))
                0x0000000000010000                . = ALIGN (0x4)
 *(.rodata .rodata.* .gnu.linkonce.r.*)
 *(.rodata1)
                0x0000000000010000                . = ALIGN (0x4)
                0x0000000000010000                PROVIDE (__ram_rodata_end = ABSOLUTE (.))
                0x000000000000093c                PROVIDE (__flash_rodata_start = LOADADDR (.rodata))

.rwdata         0x0000000000010000        0x4 load address 0x000000000000093c
                0x0000000000010000                PROVIDE (__ram_rwdata_start = ABSOLUTE (.))
                0x0000000000010000                . = ALIGN (0x4)
 *(.got.plt)
 *(.got)
 *(.data1)
 *(.data .data.* .gnu.linkonce.d.*)
 .data          0x0000000000010000        0x0 c:/intelFPGA_lite/Proyectos/tutorial/Cronometro_SO/software/cronometro_bsp//obj/HAL/src/crt0.o
 .data          0x0000000000010000        0x0 obj/default/hello_world_small.o
 .data          0x0000000000010000        0x0 c:/intelfpga_lite/22.1std/nios2eds/bin/gnu/h-x86_64-mingw32/bin/../lib/gcc/nios2-elf/12.2.1/mno-hw-mul\libgcc.a(lib2-divmod.o)
 .data          0x0000000000010000        0x0 c:/intelFPGA_lite/Proyectos/tutorial/Cronometro_SO/software/cronometro_bsp/\libhal_bsp.a(alt_iic.o)
 .data          0x0000000000010000        0x0 c:/intelFPGA_lite/Proyectos/tutorial/Cronometro_SO/software/cronometro_bsp/\libhal_bsp.a(alt_iic_isr_register.o)
 .data          0x0000000000010000        0x0 c:/intelFPGA_lite/Proyectos/tutorial/Cronometro_SO/software/cronometro_bsp/\libhal_bsp.a(alt_irq_entry.o)
 .data          0x0000000000010000        0x0 c:/intelFPGA_lite/Proyectos/tutorial/Cronometro_SO/software/cronometro_bsp/\libhal_bsp.a(alt_irq_handler.o)
 .data          0x0000000000010000        0x0 c:/intelFPGA_lite/Proyectos/tutorial/Cronometro_SO/software/cronometro_bsp/\libhal_bsp.a(alt_irq_vars.o)
 .data          0x0000000000010000        0x0 c:/intelFPGA_lite/Proyectos/tutorial/Cronometro_SO/software/cronometro_bsp/\libhal_bsp.a(alt_load.o)
 .data          0x0000000000010000        0x0 c:/intelFPGA_lite/Proyectos/tutorial/Cronometro_SO/software/cronometro_bsp/\libhal_bsp.a(alt_main.o)
 .data          0x0000000000010000        0x0 c:/intelFPGA_lite/Proyectos/tutorial/Cronometro_SO/software/cronometro_bsp/\libhal_bsp.a(alt_sys_init.o)
 .data          0x0000000000010000        0x0 c:/intelFPGA_lite/Proyectos/tutorial/Cronometro_SO/software/cronometro_bsp/\libhal_bsp.a(alt_dcache_flush_all.o)
 .data          0x0000000000010000        0x0 c:/intelFPGA_lite/Proyectos/tutorial/Cronometro_SO/software/cronometro_bsp/\libhal_bsp.a(alt_exception_entry.o)
 .data          0x0000000000010000        0x0 c:/intelFPGA_lite/Proyectos/tutorial/Cronometro_SO/software/cronometro_bsp/\libhal_bsp.a(alt_icache_flush_all.o)
 .data          0x0000000000010000        0x0 c:/intelFPGA_lite/Proyectos/tutorial/Cronometro_SO/software/cronometro_bsp/\libhal_bsp.a(alt_instruction_exception_entry.o)
 .data          0x0000000000010000        0x0 c:/intelFPGA_lite/Proyectos/tutorial/Cronometro_SO/software/cronometro_bsp/\libhal_bsp.a(altera_nios2_gen2_irq.o)
 .data          0x0000000000010000        0x0 c:/intelfpga_lite/22.1std/nios2eds/bin/gnu/h-x86_64-mingw32/bin/../lib/gcc/nios2-elf/12.2.1/../../../../../H-x86_64-mingw32/nios2-elf/lib/mno-hw-mul\libsmallc.a(lib_a-memcpy.o)
                0x0000000000018000                _gp = ABSOLUTE ((. + 0x8000))
                [!provide]                        PROVIDE (gp = _gp)
 *(.rwdata .rwdata.*)
 *(.sdata .sdata.* .gnu.linkonce.s.*)
 .sdata         0x0000000000010000        0x4 c:/intelFPGA_lite/Proyectos/tutorial/Cronometro_SO/software/cronometro_bsp/\libhal_bsp.a(alt_irq_vars.o)
                0x0000000000010000                alt_priority_mask
 *(.sdata2 .sdata2.* .gnu.linkonce.s2.*)
                0x0000000000010004                . = ALIGN (0x4)
                0x0000000000010004                _edata = ABSOLUTE (.)
                [!provide]                        PROVIDE (edata = ABSOLUTE (.))
                0x0000000000010004                PROVIDE (__ram_rwdata_end = ABSOLUTE (.))
                0x000000000000093c                PROVIDE (__flash_rwdata_start = LOADADDR (.rwdata))

.bss            0x0000000000010004      0x138 load address 0x0000000000000940
                0x0000000000010004                __bss_start = ABSOLUTE (.)
                [!provide]                        PROVIDE (__sbss_start = ABSOLUTE (.))
                [!provide]                        PROVIDE (___sbss_start = ABSOLUTE (.))
 *(.dynsbss)
 *(.sbss .sbss.* .gnu.linkonce.sb.*)
 .sbss          0x0000000000010004       0x24 obj/default/hello_world_small.o
                0x0000000000010004                running
                0x0000000000010008                edge_val
 .sbss          0x0000000000010028        0x4 c:/intelFPGA_lite/Proyectos/tutorial/Cronometro_SO/software/cronometro_bsp/\libhal_bsp.a(alt_irq_vars.o)
                0x0000000000010028                alt_irq_active
 .sbss          0x000000000001002c        0xc c:/intelFPGA_lite/Proyectos/tutorial/Cronometro_SO/software/cronometro_bsp/\libhal_bsp.a(alt_main.o)
                0x000000000001002c                alt_envp
                0x0000000000010030                alt_argv
                0x0000000000010034                alt_argc
 .sbss          0x0000000000010038        0x4 c:/intelFPGA_lite/Proyectos/tutorial/Cronometro_SO/software/cronometro_bsp/\libhal_bsp.a(alt_instruction_exception_entry.o)
                0x0000000000010038                alt_instruction_exception_handler
 *(.sbss2 .sbss2.* .gnu.linkonce.sb2.*)
 *(.scommon)
                [!provide]                        PROVIDE (__sbss_end = ABSOLUTE (.))
                [!provide]                        PROVIDE (___sbss_end = ABSOLUTE (.))
 *(.dynbss)
 *(.bss .bss.* .gnu.linkonce.b.*)
 .bss           0x000000000001003c        0x0 c:/intelFPGA_lite/Proyectos/tutorial/Cronometro_SO/software/cronometro_bsp//obj/HAL/src/crt0.o
 .bss           0x000000000001003c        0x0 obj/default/hello_world_small.o
 .bss           0x000000000001003c        0x0 c:/intelfpga_lite/22.1std/nios2eds/bin/gnu/h-x86_64-mingw32/bin/../lib/gcc/nios2-elf/12.2.1/mno-hw-mul\libgcc.a(lib2-divmod.o)
 .bss           0x000000000001003c        0x0 c:/intelFPGA_lite/Proyectos/tutorial/Cronometro_SO/software/cronometro_bsp/\libhal_bsp.a(alt_iic.o)
 .bss           0x000000000001003c        0x0 c:/intelFPGA_lite/Proyectos/tutorial/Cronometro_SO/software/cronometro_bsp/\libhal_bsp.a(alt_iic_isr_register.o)
 .bss           0x000000000001003c        0x0 c:/intelFPGA_lite/Proyectos/tutorial/Cronometro_SO/software/cronometro_bsp/\libhal_bsp.a(alt_irq_entry.o)
 .bss           0x000000000001003c      0x100 c:/intelFPGA_lite/Proyectos/tutorial/Cronometro_SO/software/cronometro_bsp/\libhal_bsp.a(alt_irq_handler.o)
                0x000000000001003c                alt_irq
 .bss           0x000000000001013c        0x0 c:/intelFPGA_lite/Proyectos/tutorial/Cronometro_SO/software/cronometro_bsp/\libhal_bsp.a(alt_irq_vars.o)
 .bss           0x000000000001013c        0x0 c:/intelFPGA_lite/Proyectos/tutorial/Cronometro_SO/software/cronometro_bsp/\libhal_bsp.a(alt_load.o)
 .bss           0x000000000001013c        0x0 c:/intelFPGA_lite/Proyectos/tutorial/Cronometro_SO/software/cronometro_bsp/\libhal_bsp.a(alt_main.o)
 .bss           0x000000000001013c        0x0 c:/intelFPGA_lite/Proyectos/tutorial/Cronometro_SO/software/cronometro_bsp/\libhal_bsp.a(alt_sys_init.o)
 .bss           0x000000000001013c        0x0 c:/intelFPGA_lite/Proyectos/tutorial/Cronometro_SO/software/cronometro_bsp/\libhal_bsp.a(alt_dcache_flush_all.o)
 .bss           0x000000000001013c        0x0 c:/intelFPGA_lite/Proyectos/tutorial/Cronometro_SO/software/cronometro_bsp/\libhal_bsp.a(alt_exception_entry.o)
 .bss           0x000000000001013c        0x0 c:/intelFPGA_lite/Proyectos/tutorial/Cronometro_SO/software/cronometro_bsp/\libhal_bsp.a(alt_icache_flush_all.o)
 .bss           0x000000000001013c        0x0 c:/intelFPGA_lite/Proyectos/tutorial/Cronometro_SO/software/cronometro_bsp/\libhal_bsp.a(alt_instruction_exception_entry.o)
 .bss           0x000000000001013c        0x0 c:/intelFPGA_lite/Proyectos/tutorial/Cronometro_SO/software/cronometro_bsp/\libhal_bsp.a(altera_nios2_gen2_irq.o)
 .bss           0x000000000001013c        0x0 c:/intelfpga_lite/22.1std/nios2eds/bin/gnu/h-x86_64-mingw32/bin/../lib/gcc/nios2-elf/12.2.1/../../../../../H-x86_64-mingw32/nios2-elf/lib/mno-hw-mul\libsmallc.a(lib_a-memcpy.o)
 *(COMMON)
                0x000000000001013c                . = ALIGN (0x4)
                0x000000000001013c                __bss_end = ABSOLUTE (.)

.rom_0          0x0000000000000940        0x0
                [!provide]                        PROVIDE (_alt_partition_rom_0_start = ABSOLUTE (.))
 *(.rom_0 .rom_0. rom_0.*)
                0x0000000000000940                . = ALIGN (0x4)
                [!provide]                        PROVIDE (_alt_partition_rom_0_end = ABSOLUTE (.))
                [!provide]                        PROVIDE (_alt_partition_rom_0_load_addr = LOADADDR (.rom_0))

.ram_0          0x000000000001013c        0x0 load address 0x0000000000000940
                [!provide]                        PROVIDE (_alt_partition_ram_0_start = ABSOLUTE (.))
 *(.ram_0 .ram_0. ram_0.*)
                0x000000000001013c                . = ALIGN (0x4)
                [!provide]                        PROVIDE (_alt_partition_ram_0_end = ABSOLUTE (.))
                0x000000000001013c                _end = ABSOLUTE (.)
                0x000000000001013c                end = ABSOLUTE (.)
                0x000000000001013c                __alt_stack_base = ABSOLUTE (.)
                [!provide]                        PROVIDE (_alt_partition_ram_0_load_addr = LOADADDR (.ram_0))

.stab
 *(.stab)

.stabstr
 *(.stabstr)

.stab.excl
 *(.stab.excl)

.stab.exclstr
 *(.stab.exclstr)

.stab.index
 *(.stab.index)

.stab.indexstr
 *(.stab.indexstr)

.comment        0x0000000000000000       0x2d
 *(.comment)
 .comment       0x0000000000000000       0x2d obj/default/hello_world_small.o
                                         0x2e (size before relaxing)
 .comment       0x000000000000002d       0x2e c:/intelfpga_lite/22.1std/nios2eds/bin/gnu/h-x86_64-mingw32/bin/../lib/gcc/nios2-elf/12.2.1/mno-hw-mul\libgcc.a(lib2-divmod.o)
 .comment       0x000000000000002d       0x2e c:/intelFPGA_lite/Proyectos/tutorial/Cronometro_SO/software/cronometro_bsp/\libhal_bsp.a(alt_iic.o)
 .comment       0x000000000000002d       0x2e c:/intelFPGA_lite/Proyectos/tutorial/Cronometro_SO/software/cronometro_bsp/\libhal_bsp.a(alt_iic_isr_register.o)
 .comment       0x000000000000002d       0x2e c:/intelFPGA_lite/Proyectos/tutorial/Cronometro_SO/software/cronometro_bsp/\libhal_bsp.a(alt_irq_handler.o)
 .comment       0x000000000000002d       0x2e c:/intelFPGA_lite/Proyectos/tutorial/Cronometro_SO/software/cronometro_bsp/\libhal_bsp.a(alt_irq_vars.o)
 .comment       0x000000000000002d       0x2e c:/intelFPGA_lite/Proyectos/tutorial/Cronometro_SO/software/cronometro_bsp/\libhal_bsp.a(alt_load.o)
 .comment       0x000000000000002d       0x2e c:/intelFPGA_lite/Proyectos/tutorial/Cronometro_SO/software/cronometro_bsp/\libhal_bsp.a(alt_main.o)
 .comment       0x000000000000002d       0x2e c:/intelFPGA_lite/Proyectos/tutorial/Cronometro_SO/software/cronometro_bsp/\libhal_bsp.a(alt_sys_init.o)
 .comment       0x000000000000002d       0x2e c:/intelFPGA_lite/Proyectos/tutorial/Cronometro_SO/software/cronometro_bsp/\libhal_bsp.a(alt_dcache_flush_all.o)
 .comment       0x000000000000002d       0x2e c:/intelFPGA_lite/Proyectos/tutorial/Cronometro_SO/software/cronometro_bsp/\libhal_bsp.a(alt_icache_flush_all.o)
 .comment       0x000000000000002d       0x2e c:/intelFPGA_lite/Proyectos/tutorial/Cronometro_SO/software/cronometro_bsp/\libhal_bsp.a(alt_instruction_exception_entry.o)
 .comment       0x000000000000002d       0x2e c:/intelFPGA_lite/Proyectos/tutorial/Cronometro_SO/software/cronometro_bsp/\libhal_bsp.a(altera_nios2_gen2_irq.o)
 .comment       0x000000000000002d       0x2e c:/intelfpga_lite/22.1std/nios2eds/bin/gnu/h-x86_64-mingw32/bin/../lib/gcc/nios2-elf/12.2.1/../../../../../H-x86_64-mingw32/nios2-elf/lib/mno-hw-mul\libsmallc.a(lib_a-memcpy.o)

.debug
 *(.debug)

.line
 *(.line)

.debug_srcinfo
 *(.debug_srcinfo)

.debug_sfnames
 *(.debug_sfnames)

.debug_aranges  0x0000000000000000      0x250
 *(.debug_aranges)
 .debug_aranges
                0x0000000000000000       0x28 c:/intelFPGA_lite/Proyectos/tutorial/Cronometro_SO/software/cronometro_bsp//obj/HAL/src/crt0.o
 .debug_aranges
                0x0000000000000028       0x28 obj/default/hello_world_small.o
 .debug_aranges
                0x0000000000000050       0x20 c:/intelfpga_lite/22.1std/nios2eds/bin/gnu/h-x86_64-mingw32/bin/../lib/gcc/nios2-elf/12.2.1/mno-hw-mul\libgcc.a(lib2-divmod.o)
 .debug_aranges
                0x0000000000000070       0x20 c:/intelFPGA_lite/Proyectos/tutorial/Cronometro_SO/software/cronometro_bsp/\libhal_bsp.a(alt_iic.o)
 .debug_aranges
                0x0000000000000090       0x20 c:/intelFPGA_lite/Proyectos/tutorial/Cronometro_SO/software/cronometro_bsp/\libhal_bsp.a(alt_iic_isr_register.o)
 .debug_aranges
                0x00000000000000b0       0x30 c:/intelFPGA_lite/Proyectos/tutorial/Cronometro_SO/software/cronometro_bsp/\libhal_bsp.a(alt_irq_entry.o)
 .debug_aranges
                0x00000000000000e0       0x20 c:/intelFPGA_lite/Proyectos/tutorial/Cronometro_SO/software/cronometro_bsp/\libhal_bsp.a(alt_irq_handler.o)
 .debug_aranges
                0x0000000000000100       0x18 c:/intelFPGA_lite/Proyectos/tutorial/Cronometro_SO/software/cronometro_bsp/\libhal_bsp.a(alt_irq_vars.o)
 .debug_aranges
                0x0000000000000118       0x20 c:/intelFPGA_lite/Proyectos/tutorial/Cronometro_SO/software/cronometro_bsp/\libhal_bsp.a(alt_load.o)
 .debug_aranges
                0x0000000000000138       0x20 c:/intelFPGA_lite/Proyectos/tutorial/Cronometro_SO/software/cronometro_bsp/\libhal_bsp.a(alt_main.o)
 .debug_aranges
                0x0000000000000158       0x20 c:/intelFPGA_lite/Proyectos/tutorial/Cronometro_SO/software/cronometro_bsp/\libhal_bsp.a(alt_sys_init.o)
 .debug_aranges
                0x0000000000000178       0x20 c:/intelFPGA_lite/Proyectos/tutorial/Cronometro_SO/software/cronometro_bsp/\libhal_bsp.a(alt_dcache_flush_all.o)
 .debug_aranges
                0x0000000000000198       0x30 c:/intelFPGA_lite/Proyectos/tutorial/Cronometro_SO/software/cronometro_bsp/\libhal_bsp.a(alt_exception_entry.o)
 .debug_aranges
                0x00000000000001c8       0x20 c:/intelFPGA_lite/Proyectos/tutorial/Cronometro_SO/software/cronometro_bsp/\libhal_bsp.a(alt_icache_flush_all.o)
 .debug_aranges
                0x00000000000001e8       0x28 c:/intelFPGA_lite/Proyectos/tutorial/Cronometro_SO/software/cronometro_bsp/\libhal_bsp.a(alt_instruction_exception_entry.o)
 .debug_aranges
                0x0000000000000210       0x20 c:/intelFPGA_lite/Proyectos/tutorial/Cronometro_SO/software/cronometro_bsp/\libhal_bsp.a(altera_nios2_gen2_irq.o)
 .debug_aranges
                0x0000000000000230       0x20 c:/intelfpga_lite/22.1std/nios2eds/bin/gnu/h-x86_64-mingw32/bin/../lib/gcc/nios2-elf/12.2.1/../../../../../H-x86_64-mingw32/nios2-elf/lib/mno-hw-mul\libsmallc.a(lib_a-memcpy.o)

.debug_pubnames
 *(.debug_pubnames)

.debug_info     0x0000000000000000     0x1968
 *(.debug_info .gnu.linkonce.wi.*)
 .debug_info    0x0000000000000000       0x22 c:/intelFPGA_lite/Proyectos/tutorial/Cronometro_SO/software/cronometro_bsp//obj/HAL/src/crt0.o
 .debug_info    0x0000000000000022      0x412 obj/default/hello_world_small.o
 .debug_info    0x0000000000000434      0x347 c:/intelfpga_lite/22.1std/nios2eds/bin/gnu/h-x86_64-mingw32/bin/../lib/gcc/nios2-elf/12.2.1/mno-hw-mul\libgcc.a(lib2-divmod.o)
 .debug_info    0x000000000000077b      0x3d8 c:/intelFPGA_lite/Proyectos/tutorial/Cronometro_SO/software/cronometro_bsp/\libhal_bsp.a(alt_iic.o)
 .debug_info    0x0000000000000b53      0x27f c:/intelFPGA_lite/Proyectos/tutorial/Cronometro_SO/software/cronometro_bsp/\libhal_bsp.a(alt_iic_isr_register.o)
 .debug_info    0x0000000000000dd2       0x22 c:/intelFPGA_lite/Proyectos/tutorial/Cronometro_SO/software/cronometro_bsp/\libhal_bsp.a(alt_irq_entry.o)
 .debug_info    0x0000000000000df4      0x195 c:/intelFPGA_lite/Proyectos/tutorial/Cronometro_SO/software/cronometro_bsp/\libhal_bsp.a(alt_irq_handler.o)
 .debug_info    0x0000000000000f89       0x88 c:/intelFPGA_lite/Proyectos/tutorial/Cronometro_SO/software/cronometro_bsp/\libhal_bsp.a(alt_irq_vars.o)
 .debug_info    0x0000000000001011      0x239 c:/intelFPGA_lite/Proyectos/tutorial/Cronometro_SO/software/cronometro_bsp/\libhal_bsp.a(alt_load.o)
 .debug_info    0x000000000000124a      0x13e c:/intelFPGA_lite/Proyectos/tutorial/Cronometro_SO/software/cronometro_bsp/\libhal_bsp.a(alt_main.o)
 .debug_info    0x0000000000001388       0xee c:/intelFPGA_lite/Proyectos/tutorial/Cronometro_SO/software/cronometro_bsp/\libhal_bsp.a(alt_sys_init.o)
 .debug_info    0x0000000000001476       0x8d c:/intelFPGA_lite/Proyectos/tutorial/Cronometro_SO/software/cronometro_bsp/\libhal_bsp.a(alt_dcache_flush_all.o)
 .debug_info    0x0000000000001503       0x22 c:/intelFPGA_lite/Proyectos/tutorial/Cronometro_SO/software/cronometro_bsp/\libhal_bsp.a(alt_exception_entry.o)
 .debug_info    0x0000000000001525       0x8d c:/intelFPGA_lite/Proyectos/tutorial/Cronometro_SO/software/cronometro_bsp/\libhal_bsp.a(alt_icache_flush_all.o)
 .debug_info    0x00000000000015b2      0x208 c:/intelFPGA_lite/Proyectos/tutorial/Cronometro_SO/software/cronometro_bsp/\libhal_bsp.a(alt_instruction_exception_entry.o)
 .debug_info    0x00000000000017ba       0x8d c:/intelFPGA_lite/Proyectos/tutorial/Cronometro_SO/software/cronometro_bsp/\libhal_bsp.a(altera_nios2_gen2_irq.o)
 .debug_info    0x0000000000001847      0x121 c:/intelfpga_lite/22.1std/nios2eds/bin/gnu/h-x86_64-mingw32/bin/../lib/gcc/nios2-elf/12.2.1/../../../../../H-x86_64-mingw32/nios2-elf/lib/mno-hw-mul\libsmallc.a(lib_a-memcpy.o)

.debug_abbrev   0x0000000000000000      0xda8
 *(.debug_abbrev)
 .debug_abbrev  0x0000000000000000       0x12 c:/intelFPGA_lite/Proyectos/tutorial/Cronometro_SO/software/cronometro_bsp//obj/HAL/src/crt0.o
 .debug_abbrev  0x0000000000000012      0x1ac obj/default/hello_world_small.o
 .debug_abbrev  0x00000000000001be      0x10c c:/intelfpga_lite/22.1std/nios2eds/bin/gnu/h-x86_64-mingw32/bin/../lib/gcc/nios2-elf/12.2.1/mno-hw-mul\libgcc.a(lib2-divmod.o)
 .debug_abbrev  0x00000000000002ca      0x1dd c:/intelFPGA_lite/Proyectos/tutorial/Cronometro_SO/software/cronometro_bsp/\libhal_bsp.a(alt_iic.o)
 .debug_abbrev  0x00000000000004a7      0x1d9 c:/intelFPGA_lite/Proyectos/tutorial/Cronometro_SO/software/cronometro_bsp/\libhal_bsp.a(alt_iic_isr_register.o)
 .debug_abbrev  0x0000000000000680       0x12 c:/intelFPGA_lite/Proyectos/tutorial/Cronometro_SO/software/cronometro_bsp/\libhal_bsp.a(alt_irq_entry.o)
 .debug_abbrev  0x0000000000000692      0x147 c:/intelFPGA_lite/Proyectos/tutorial/Cronometro_SO/software/cronometro_bsp/\libhal_bsp.a(alt_irq_handler.o)
 .debug_abbrev  0x00000000000007d9       0x46 c:/intelFPGA_lite/Proyectos/tutorial/Cronometro_SO/software/cronometro_bsp/\libhal_bsp.a(alt_irq_vars.o)
 .debug_abbrev  0x000000000000081f      0x12c c:/intelFPGA_lite/Proyectos/tutorial/Cronometro_SO/software/cronometro_bsp/\libhal_bsp.a(alt_load.o)
 .debug_abbrev  0x000000000000094b       0xeb c:/intelFPGA_lite/Proyectos/tutorial/Cronometro_SO/software/cronometro_bsp/\libhal_bsp.a(alt_main.o)
 .debug_abbrev  0x0000000000000a36       0xc3 c:/intelFPGA_lite/Proyectos/tutorial/Cronometro_SO/software/cronometro_bsp/\libhal_bsp.a(alt_sys_init.o)
 .debug_abbrev  0x0000000000000af9       0x43 c:/intelFPGA_lite/Proyectos/tutorial/Cronometro_SO/software/cronometro_bsp/\libhal_bsp.a(alt_dcache_flush_all.o)
 .debug_abbrev  0x0000000000000b3c       0x12 c:/intelFPGA_lite/Proyectos/tutorial/Cronometro_SO/software/cronometro_bsp/\libhal_bsp.a(alt_exception_entry.o)
 .debug_abbrev  0x0000000000000b4e       0x43 c:/intelFPGA_lite/Proyectos/tutorial/Cronometro_SO/software/cronometro_bsp/\libhal_bsp.a(alt_icache_flush_all.o)
 .debug_abbrev  0x0000000000000b91      0x113 c:/intelFPGA_lite/Proyectos/tutorial/Cronometro_SO/software/cronometro_bsp/\libhal_bsp.a(alt_instruction_exception_entry.o)
 .debug_abbrev  0x0000000000000ca4       0x43 c:/intelFPGA_lite/Proyectos/tutorial/Cronometro_SO/software/cronometro_bsp/\libhal_bsp.a(altera_nios2_gen2_irq.o)
 .debug_abbrev  0x0000000000000ce7       0xc1 c:/intelfpga_lite/22.1std/nios2eds/bin/gnu/h-x86_64-mingw32/bin/../lib/gcc/nios2-elf/12.2.1/../../../../../H-x86_64-mingw32/nios2-elf/lib/mno-hw-mul\libsmallc.a(lib_a-memcpy.o)

.debug_line     0x0000000000000000      0xeb5
 *(.debug_line)
 .debug_line    0x0000000000000000       0x66 c:/intelFPGA_lite/Proyectos/tutorial/Cronometro_SO/software/cronometro_bsp//obj/HAL/src/crt0.o
 .debug_line    0x0000000000000066      0x29a obj/default/hello_world_small.o
 .debug_line    0x0000000000000300      0x2e3 c:/intelfpga_lite/22.1std/nios2eds/bin/gnu/h-x86_64-mingw32/bin/../lib/gcc/nios2-elf/12.2.1/mno-hw-mul\libgcc.a(lib2-divmod.o)
 .debug_line    0x00000000000005e3      0x152 c:/intelFPGA_lite/Proyectos/tutorial/Cronometro_SO/software/cronometro_bsp/\libhal_bsp.a(alt_iic.o)
 .debug_line    0x0000000000000735      0x115 c:/intelFPGA_lite/Proyectos/tutorial/Cronometro_SO/software/cronometro_bsp/\libhal_bsp.a(alt_iic_isr_register.o)
 .debug_line    0x000000000000084a       0x6b c:/intelFPGA_lite/Proyectos/tutorial/Cronometro_SO/software/cronometro_bsp/\libhal_bsp.a(alt_irq_entry.o)
 .debug_line    0x00000000000008b5       0xf9 c:/intelFPGA_lite/Proyectos/tutorial/Cronometro_SO/software/cronometro_bsp/\libhal_bsp.a(alt_irq_handler.o)
 .debug_line    0x00000000000009ae       0x43 c:/intelFPGA_lite/Proyectos/tutorial/Cronometro_SO/software/cronometro_bsp/\libhal_bsp.a(alt_irq_vars.o)
 .debug_line    0x00000000000009f1       0xd2 c:/intelFPGA_lite/Proyectos/tutorial/Cronometro_SO/software/cronometro_bsp/\libhal_bsp.a(alt_load.o)
 .debug_line    0x0000000000000ac3       0xa2 c:/intelFPGA_lite/Proyectos/tutorial/Cronometro_SO/software/cronometro_bsp/\libhal_bsp.a(alt_main.o)
 .debug_line    0x0000000000000b65       0x89 c:/intelFPGA_lite/Proyectos/tutorial/Cronometro_SO/software/cronometro_bsp/\libhal_bsp.a(alt_sys_init.o)
 .debug_line    0x0000000000000bee       0x4e c:/intelFPGA_lite/Proyectos/tutorial/Cronometro_SO/software/cronometro_bsp/\libhal_bsp.a(alt_dcache_flush_all.o)
 .debug_line    0x0000000000000c3c       0x9d c:/intelFPGA_lite/Proyectos/tutorial/Cronometro_SO/software/cronometro_bsp/\libhal_bsp.a(alt_exception_entry.o)
 .debug_line    0x0000000000000cd9       0x4c c:/intelFPGA_lite/Proyectos/tutorial/Cronometro_SO/software/cronometro_bsp/\libhal_bsp.a(alt_icache_flush_all.o)
 .debug_line    0x0000000000000d25       0xb0 c:/intelFPGA_lite/Proyectos/tutorial/Cronometro_SO/software/cronometro_bsp/\libhal_bsp.a(alt_instruction_exception_entry.o)
 .debug_line    0x0000000000000dd5       0x54 c:/intelFPGA_lite/Proyectos/tutorial/Cronometro_SO/software/cronometro_bsp/\libhal_bsp.a(altera_nios2_gen2_irq.o)
 .debug_line    0x0000000000000e29       0x8c c:/intelfpga_lite/22.1std/nios2eds/bin/gnu/h-x86_64-mingw32/bin/../lib/gcc/nios2-elf/12.2.1/../../../../../H-x86_64-mingw32/nios2-elf/lib/mno-hw-mul\libsmallc.a(lib_a-memcpy.o)

.debug_frame    0x0000000000000000      0x2e4
 *(.debug_frame)
 .debug_frame   0x0000000000000000       0x94 obj/default/hello_world_small.o
 .debug_frame   0x0000000000000094       0x50 c:/intelfpga_lite/22.1std/nios2eds/bin/gnu/h-x86_64-mingw32/bin/../lib/gcc/nios2-elf/12.2.1/mno-hw-mul\libgcc.a(lib2-divmod.o)
 .debug_frame   0x00000000000000e4       0x50 c:/intelFPGA_lite/Proyectos/tutorial/Cronometro_SO/software/cronometro_bsp/\libhal_bsp.a(alt_iic.o)
 .debug_frame   0x0000000000000134       0x38 c:/intelFPGA_lite/Proyectos/tutorial/Cronometro_SO/software/cronometro_bsp/\libhal_bsp.a(alt_iic_isr_register.o)
 .debug_frame   0x000000000000016c       0x34 c:/intelFPGA_lite/Proyectos/tutorial/Cronometro_SO/software/cronometro_bsp/\libhal_bsp.a(alt_irq_handler.o)
 .debug_frame   0x00000000000001a0       0x2c c:/intelFPGA_lite/Proyectos/tutorial/Cronometro_SO/software/cronometro_bsp/\libhal_bsp.a(alt_load.o)
 .debug_frame   0x00000000000001cc       0x2c c:/intelFPGA_lite/Proyectos/tutorial/Cronometro_SO/software/cronometro_bsp/\libhal_bsp.a(alt_main.o)
 .debug_frame   0x00000000000001f8       0x3c c:/intelFPGA_lite/Proyectos/tutorial/Cronometro_SO/software/cronometro_bsp/\libhal_bsp.a(alt_sys_init.o)
 .debug_frame   0x0000000000000234       0x20 c:/intelFPGA_lite/Proyectos/tutorial/Cronometro_SO/software/cronometro_bsp/\libhal_bsp.a(alt_dcache_flush_all.o)
 .debug_frame   0x0000000000000254       0x20 c:/intelFPGA_lite/Proyectos/tutorial/Cronometro_SO/software/cronometro_bsp/\libhal_bsp.a(alt_icache_flush_all.o)
 .debug_frame   0x0000000000000274       0x30 c:/intelFPGA_lite/Proyectos/tutorial/Cronometro_SO/software/cronometro_bsp/\libhal_bsp.a(alt_instruction_exception_entry.o)
 .debug_frame   0x00000000000002a4       0x20 c:/intelFPGA_lite/Proyectos/tutorial/Cronometro_SO/software/cronometro_bsp/\libhal_bsp.a(altera_nios2_gen2_irq.o)
 .debug_frame   0x00000000000002c4       0x20 c:/intelfpga_lite/22.1std/nios2eds/bin/gnu/h-x86_64-mingw32/bin/../lib/gcc/nios2-elf/12.2.1/../../../../../H-x86_64-mingw32/nios2-elf/lib/mno-hw-mul\libsmallc.a(lib_a-memcpy.o)

.debug_str      0x0000000000000000      0xa95
 *(.debug_str)
 .debug_str     0x0000000000000000       0x69 c:/intelFPGA_lite/Proyectos/tutorial/Cronometro_SO/software/cronometro_bsp//obj/HAL/src/crt0.o
 .debug_str     0x0000000000000069      0x1a4 obj/default/hello_world_small.o
                                        0x1f2 (size before relaxing)
 .debug_str     0x000000000000020d       0xc3 c:/intelfpga_lite/22.1std/nios2eds/bin/gnu/h-x86_64-mingw32/bin/../lib/gcc/nios2-elf/12.2.1/mno-hw-mul\libgcc.a(lib2-divmod.o)
                                        0x122 (size before relaxing)
 .debug_str     0x00000000000002d0       0xd1 c:/intelFPGA_lite/Proyectos/tutorial/Cronometro_SO/software/cronometro_bsp/\libhal_bsp.a(alt_iic.o)
                                        0x1f6 (size before relaxing)
 .debug_str     0x00000000000003a1       0x18 c:/intelFPGA_lite/Proyectos/tutorial/Cronometro_SO/software/cronometro_bsp/\libhal_bsp.a(alt_iic_isr_register.o)
                                        0x1b5 (size before relaxing)
 .debug_str     0x00000000000003b9       0x18 c:/intelFPGA_lite/Proyectos/tutorial/Cronometro_SO/software/cronometro_bsp/\libhal_bsp.a(alt_irq_entry.o)
                                         0x72 (size before relaxing)
 .debug_str     0x00000000000003d1       0x20 c:/intelFPGA_lite/Proyectos/tutorial/Cronometro_SO/software/cronometro_bsp/\libhal_bsp.a(alt_irq_handler.o)
                                        0x144 (size before relaxing)
 .debug_str     0x00000000000003f1       0x12 c:/intelFPGA_lite/Proyectos/tutorial/Cronometro_SO/software/cronometro_bsp/\libhal_bsp.a(alt_irq_vars.o)
                                         0xf3 (size before relaxing)
 .debug_str     0x0000000000000403      0x111 c:/intelFPGA_lite/Proyectos/tutorial/Cronometro_SO/software/cronometro_bsp/\libhal_bsp.a(alt_load.o)
                                        0x208 (size before relaxing)
 .debug_str     0x0000000000000514       0x4b c:/intelFPGA_lite/Proyectos/tutorial/Cronometro_SO/software/cronometro_bsp/\libhal_bsp.a(alt_main.o)
                                        0x138 (size before relaxing)
 .debug_str     0x000000000000055f       0x3e c:/intelFPGA_lite/Proyectos/tutorial/Cronometro_SO/software/cronometro_bsp/\libhal_bsp.a(alt_sys_init.o)
                                        0x140 (size before relaxing)
 .debug_str     0x000000000000059d       0xfd c:/intelFPGA_lite/Proyectos/tutorial/Cronometro_SO/software/cronometro_bsp/\libhal_bsp.a(alt_dcache_flush_all.o)
 .debug_str     0x000000000000059d       0x1e c:/intelFPGA_lite/Proyectos/tutorial/Cronometro_SO/software/cronometro_bsp/\libhal_bsp.a(alt_exception_entry.o)
                                         0x78 (size before relaxing)
 .debug_str     0x00000000000005bb       0xfd c:/intelFPGA_lite/Proyectos/tutorial/Cronometro_SO/software/cronometro_bsp/\libhal_bsp.a(alt_icache_flush_all.o)
 .debug_str     0x00000000000005bb      0x461 c:/intelFPGA_lite/Proyectos/tutorial/Cronometro_SO/software/cronometro_bsp/\libhal_bsp.a(alt_instruction_exception_entry.o)
                                        0x546 (size before relaxing)
 .debug_str     0x0000000000000a1c      0x103 c:/intelFPGA_lite/Proyectos/tutorial/Cronometro_SO/software/cronometro_bsp/\libhal_bsp.a(altera_nios2_gen2_irq.o)
 .debug_str     0x0000000000000a1c       0x79 c:/intelfpga_lite/22.1std/nios2eds/bin/gnu/h-x86_64-mingw32/bin/../lib/gcc/nios2-elf/12.2.1/../../../../../H-x86_64-mingw32/nios2-elf/lib/mno-hw-mul\libsmallc.a(lib_a-memcpy.o)
                                        0x115 (size before relaxing)

.debug_loc
 *(.debug_loc)

.debug_macinfo
 *(.debug_macinfo)

.debug_weaknames
 *(.debug_weaknames)

.debug_funcnames
 *(.debug_funcnames)

.debug_typenames
 *(.debug_typenames)

.debug_varnames
 *(.debug_varnames)

.debug_alt_sim_info
                0x0000000000000000       0x10
 *(.debug_alt_sim_info)
 .debug_alt_sim_info
                0x0000000000000000       0x10 c:/intelFPGA_lite/Proyectos/tutorial/Cronometro_SO/software/cronometro_bsp//obj/HAL/src/crt0.o
                0x0000000000014000                __alt_data_end = 0x14000
                0x0000000000014000                PROVIDE (__alt_stack_pointer = __alt_data_end)
                [!provide]                        PROVIDE (__alt_stack_limit = __alt_stack_base)
                [!provide]                        PROVIDE (__alt_heap_start = end)
                [!provide]                        PROVIDE (__alt_heap_limit = 0x14000)
OUTPUT(cronometro.elf elf32-littlenios2)
LOAD linker stubs

.debug_ranges   0x0000000000000000       0x70
 .debug_ranges  0x0000000000000000       0x20 c:/intelFPGA_lite/Proyectos/tutorial/Cronometro_SO/software/cronometro_bsp//obj/HAL/src/crt0.o
 .debug_ranges  0x0000000000000020       0x28 c:/intelFPGA_lite/Proyectos/tutorial/Cronometro_SO/software/cronometro_bsp/\libhal_bsp.a(alt_irq_entry.o)
 .debug_ranges  0x0000000000000048       0x28 c:/intelFPGA_lite/Proyectos/tutorial/Cronometro_SO/software/cronometro_bsp/\libhal_bsp.a(alt_exception_entry.o)

.debug_loclists
                0x0000000000000000      0x80e
 .debug_loclists
                0x0000000000000000       0xcc obj/default/hello_world_small.o
 .debug_loclists
                0x00000000000000cc      0x37a c:/intelfpga_lite/22.1std/nios2eds/bin/gnu/h-x86_64-mingw32/bin/../lib/gcc/nios2-elf/12.2.1/mno-hw-mul\libgcc.a(lib2-divmod.o)
 .debug_loclists
                0x0000000000000446       0xf9 c:/intelFPGA_lite/Proyectos/tutorial/Cronometro_SO/software/cronometro_bsp/\libhal_bsp.a(alt_iic.o)
 .debug_loclists
                0x000000000000053f      0x130 c:/intelFPGA_lite/Proyectos/tutorial/Cronometro_SO/software/cronometro_bsp/\libhal_bsp.a(alt_iic_isr_register.o)
 .debug_loclists
                0x000000000000066f       0x6e c:/intelFPGA_lite/Proyectos/tutorial/Cronometro_SO/software/cronometro_bsp/\libhal_bsp.a(alt_irq_handler.o)
 .debug_loclists
                0x00000000000006dd       0x1e c:/intelFPGA_lite/Proyectos/tutorial/Cronometro_SO/software/cronometro_bsp/\libhal_bsp.a(alt_sys_init.o)
 .debug_loclists
                0x00000000000006fb       0x47 c:/intelFPGA_lite/Proyectos/tutorial/Cronometro_SO/software/cronometro_bsp/\libhal_bsp.a(alt_instruction_exception_entry.o)
 .debug_loclists
                0x0000000000000742       0xcc c:/intelfpga_lite/22.1std/nios2eds/bin/gnu/h-x86_64-mingw32/bin/../lib/gcc/nios2-elf/12.2.1/../../../../../H-x86_64-mingw32/nios2-elf/lib/mno-hw-mul\libsmallc.a(lib_a-memcpy.o)

.debug_rnglists
                0x0000000000000000       0xf2
 .debug_rnglists
                0x0000000000000000       0x32 obj/default/hello_world_small.o
 .debug_rnglists
                0x0000000000000032       0x3f c:/intelfpga_lite/22.1std/nios2eds/bin/gnu/h-x86_64-mingw32/bin/../lib/gcc/nios2-elf/12.2.1/mno-hw-mul\libgcc.a(lib2-divmod.o)
 .debug_rnglists
                0x0000000000000071       0x13 c:/intelFPGA_lite/Proyectos/tutorial/Cronometro_SO/software/cronometro_bsp/\libhal_bsp.a(alt_iic_isr_register.o)
 .debug_rnglists
                0x0000000000000084       0x1f c:/intelFPGA_lite/Proyectos/tutorial/Cronometro_SO/software/cronometro_bsp/\libhal_bsp.a(alt_irq_handler.o)
 .debug_rnglists
                0x00000000000000a3       0x23 c:/intelFPGA_lite/Proyectos/tutorial/Cronometro_SO/software/cronometro_bsp/\libhal_bsp.a(alt_load.o)
 .debug_rnglists
                0x00000000000000c6       0x19 c:/intelFPGA_lite/Proyectos/tutorial/Cronometro_SO/software/cronometro_bsp/\libhal_bsp.a(alt_instruction_exception_entry.o)
 .debug_rnglists
                0x00000000000000df       0x13 c:/intelfpga_lite/22.1std/nios2eds/bin/gnu/h-x86_64-mingw32/bin/../lib/gcc/nios2-elf/12.2.1/../../../../../H-x86_64-mingw32/nios2-elf/lib/mno-hw-mul\libsmallc.a(lib_a-memcpy.o)

.debug_line_str
                0x0000000000000000      0x624
 .debug_line_str
                0x0000000000000000      0x11b obj/default/hello_world_small.o
                                        0x18a (size before relaxing)
 .debug_line_str
                0x000000000000011b       0xf2 c:/intelfpga_lite/22.1std/nios2eds/bin/gnu/h-x86_64-mingw32/bin/../lib/gcc/nios2-elf/12.2.1/mno-hw-mul\libgcc.a(lib2-divmod.o)
                                        0x1b6 (size before relaxing)
 .debug_line_str
                0x000000000000020d       0xb4 c:/intelFPGA_lite/Proyectos/tutorial/Cronometro_SO/software/cronometro_bsp/\libhal_bsp.a(alt_iic.o)
                                        0x131 (size before relaxing)
 .debug_line_str
                0x00000000000002c1       0x2f c:/intelFPGA_lite/Proyectos/tutorial/Cronometro_SO/software/cronometro_bsp/\libhal_bsp.a(alt_iic_isr_register.o)
                                        0x140 (size before relaxing)
 .debug_line_str
                0x00000000000002f0       0x1a c:/intelFPGA_lite/Proyectos/tutorial/Cronometro_SO/software/cronometro_bsp/\libhal_bsp.a(alt_irq_handler.o)
                                        0x112 (size before relaxing)
 .debug_line_str
                0x000000000000030a       0x17 c:/intelFPGA_lite/Proyectos/tutorial/Cronometro_SO/software/cronometro_bsp/\libhal_bsp.a(alt_irq_vars.o)
                                         0xf1 (size before relaxing)
 .debug_line_str
                0x0000000000000321       0x35 c:/intelFPGA_lite/Proyectos/tutorial/Cronometro_SO/software/cronometro_bsp/\libhal_bsp.a(alt_load.o)
                                        0x115 (size before relaxing)
 .debug_line_str
                0x0000000000000356       0x31 c:/intelFPGA_lite/Proyectos/tutorial/Cronometro_SO/software/cronometro_bsp/\libhal_bsp.a(alt_main.o)
                                        0x114 (size before relaxing)
 .debug_line_str
                0x0000000000000387       0x27 c:/intelFPGA_lite/Proyectos/tutorial/Cronometro_SO/software/cronometro_bsp/\libhal_bsp.a(alt_sys_init.o)
                                         0xfd (size before relaxing)
 .debug_line_str
                0x00000000000003ae       0x1f c:/intelFPGA_lite/Proyectos/tutorial/Cronometro_SO/software/cronometro_bsp/\libhal_bsp.a(alt_dcache_flush_all.o)
                                         0xf3 (size before relaxing)
 .debug_line_str
                0x00000000000003cd       0x1f c:/intelFPGA_lite/Proyectos/tutorial/Cronometro_SO/software/cronometro_bsp/\libhal_bsp.a(alt_icache_flush_all.o)
                                         0xf3 (size before relaxing)
 .debug_line_str
                0x00000000000003ec       0x3b c:/intelFPGA_lite/Proyectos/tutorial/Cronometro_SO/software/cronometro_bsp/\libhal_bsp.a(alt_instruction_exception_entry.o)
                                        0x149 (size before relaxing)
 .debug_line_str
                0x0000000000000427       0x20 c:/intelFPGA_lite/Proyectos/tutorial/Cronometro_SO/software/cronometro_bsp/\libhal_bsp.a(altera_nios2_gen2_irq.o)
                                         0xf6 (size before relaxing)
 .debug_line_str
                0x0000000000000447      0x1dd c:/intelfpga_lite/22.1std/nios2eds/bin/gnu/h-x86_64-mingw32/bin/../lib/gcc/nios2-elf/12.2.1/../../../../../H-x86_64-mingw32/nios2-elf/lib/mno-hw-mul\libsmallc.a(lib_a-memcpy.o)
                                        0x2b3 (size before relaxing)
